Test Results — 2026-05-12T00:07:50.836Z
Status : PASS ✅
Summary: 24 passed, 0 failed, 24 total

Suite: unknown
